<?xml version="1.0" encoding="ISO-8859-1" ?>
<link_info>
   <banner>MSP430 Linker Unix v21.6.1.LTS</banner>
   <copyright>Copyright (c) 2003-2018 Texas Instruments Incorporated</copyright>
   <link_time>0x6605ae46</link_time>
   <link_errors>0x0</link_errors>
   <output_file>SunSensor.out</output_file>
   <entry_point>
      <name>_c_int00_noargs</name>
      <address>0xff04</address>
   </entry_point>
   <input_file_list>
      <input_file id="fl-1">
         <path>./</path>
         <kind>object</kind>
         <file>adc.obj</file>
         <name>adc.obj</name>
      </input_file>
      <input_file id="fl-2">
         <path>./</path>
         <kind>object</kind>
         <file>i2c.obj</file>
         <name>i2c.obj</name>
      </input_file>
      <input_file id="fl-3">
         <path>./</path>
         <kind>object</kind>
         <file>main.obj</file>
         <name>main.obj</name>
      </input_file>
      <input_file id="fl-8">
         <kind>object</kind>
         <file>&lt;internal&gt;</file>
         <name>&lt;internal&gt;</name>
      </input_file>
      <input_file id="fl-1e">
         <path>/home/paul/ti/ccs1260/ccs/tools/compiler/ti-cgt-msp430_21.6.1.LTS/lib/</path>
         <kind>archive</kind>
         <file>rts430x_lc_sd_eabi.lib</file>
         <name>div16u.asm.obj</name>
      </input_file>
      <input_file id="fl-1f">
         <path>/home/paul/ti/ccs1260/ccs/tools/compiler/ti-cgt-msp430_21.6.1.LTS/lib/</path>
         <kind>archive</kind>
         <file>rts430x_lc_sd_eabi.lib</file>
         <name>div32s.asm.obj</name>
      </input_file>
      <input_file id="fl-20">
         <path>/home/paul/ti/ccs1260/ccs/tools/compiler/ti-cgt-msp430_21.6.1.LTS/lib/</path>
         <kind>archive</kind>
         <file>rts430x_lc_sd_eabi.lib</file>
         <name>div32u.asm.obj</name>
      </input_file>
      <input_file id="fl-21">
         <path>/home/paul/ti/ccs1260/ccs/tools/compiler/ti-cgt-msp430_21.6.1.LTS/lib/</path>
         <kind>archive</kind>
         <file>rts430x_lc_sd_eabi.lib</file>
         <name>int45.asm.obj</name>
      </input_file>
      <input_file id="fl-22">
         <path>/home/paul/ti/ccs1260/ccs/tools/compiler/ti-cgt-msp430_21.6.1.LTS/lib/</path>
         <kind>archive</kind>
         <file>rts430x_lc_sd_eabi.lib</file>
         <name>int46.asm.obj</name>
      </input_file>
      <input_file id="fl-23">
         <path>/home/paul/ti/ccs1260/ccs/tools/compiler/ti-cgt-msp430_21.6.1.LTS/lib/</path>
         <kind>archive</kind>
         <file>rts430x_lc_sd_eabi.lib</file>
         <name>int47.asm.obj</name>
      </input_file>
      <input_file id="fl-24">
         <path>/home/paul/ti/ccs1260/ccs/tools/compiler/ti-cgt-msp430_21.6.1.LTS/lib/</path>
         <kind>archive</kind>
         <file>rts430x_lc_sd_eabi.lib</file>
         <name>int50.asm.obj</name>
      </input_file>
      <input_file id="fl-25">
         <path>/home/paul/ti/ccs1260/ccs/tools/compiler/ti-cgt-msp430_21.6.1.LTS/lib/</path>
         <kind>archive</kind>
         <file>rts430x_lc_sd_eabi.lib</file>
         <name>int51.asm.obj</name>
      </input_file>
      <input_file id="fl-26">
         <path>/home/paul/ti/ccs1260/ccs/tools/compiler/ti-cgt-msp430_21.6.1.LTS/lib/</path>
         <kind>archive</kind>
         <file>rts430x_lc_sd_eabi.lib</file>
         <name>int52.asm.obj</name>
      </input_file>
      <input_file id="fl-27">
         <path>/home/paul/ti/ccs1260/ccs/tools/compiler/ti-cgt-msp430_21.6.1.LTS/lib/</path>
         <kind>archive</kind>
         <file>rts430x_lc_sd_eabi.lib</file>
         <name>int53.asm.obj</name>
      </input_file>
      <input_file id="fl-28">
         <path>/home/paul/ti/ccs1260/ccs/tools/compiler/ti-cgt-msp430_21.6.1.LTS/lib/</path>
         <kind>archive</kind>
         <file>rts430x_lc_sd_eabi.lib</file>
         <name>int54.asm.obj</name>
      </input_file>
      <input_file id="fl-29">
         <path>/home/paul/ti/ccs1260/ccs/tools/compiler/ti-cgt-msp430_21.6.1.LTS/lib/</path>
         <kind>archive</kind>
         <file>rts430x_lc_sd_eabi.lib</file>
         <name>int55.asm.obj</name>
      </input_file>
      <input_file id="fl-2a">
         <path>/home/paul/ti/ccs1260/ccs/tools/compiler/ti-cgt-msp430_21.6.1.LTS/lib/</path>
         <kind>archive</kind>
         <file>rts430x_lc_sd_eabi.lib</file>
         <name>int57.asm.obj</name>
      </input_file>
      <input_file id="fl-2b">
         <path>/home/paul/ti/ccs1260/ccs/tools/compiler/ti-cgt-msp430_21.6.1.LTS/lib/</path>
         <kind>archive</kind>
         <file>rts430x_lc_sd_eabi.lib</file>
         <name>int58.asm.obj</name>
      </input_file>
      <input_file id="fl-2c">
         <path>/home/paul/ti/ccs1260/ccs/tools/compiler/ti-cgt-msp430_21.6.1.LTS/lib/</path>
         <kind>archive</kind>
         <file>rts430x_lc_sd_eabi.lib</file>
         <name>isr_trap.asm.obj</name>
      </input_file>
      <input_file id="fl-2d">
         <path>/home/paul/ti/ccs1260/ccs/tools/compiler/ti-cgt-msp430_21.6.1.LTS/lib/</path>
         <kind>archive</kind>
         <file>rts430x_lc_sd_eabi.lib</file>
         <name>lsl32.asm.obj</name>
      </input_file>
      <input_file id="fl-2e">
         <path>/home/paul/ti/ccs1260/ccs/tools/compiler/ti-cgt-msp430_21.6.1.LTS/lib/</path>
         <kind>archive</kind>
         <file>rts430x_lc_sd_eabi.lib</file>
         <name>boot.c.obj</name>
      </input_file>
      <input_file id="fl-2f">
         <path>/home/paul/ti/ccs1260/ccs/tools/compiler/ti-cgt-msp430_21.6.1.LTS/lib/</path>
         <kind>archive</kind>
         <file>rts430x_lc_sd_eabi.lib</file>
         <name>autoinit.c.obj</name>
      </input_file>
      <input_file id="fl-30">
         <path>/home/paul/ti/ccs1260/ccs/tools/compiler/ti-cgt-msp430_21.6.1.LTS/lib/</path>
         <kind>archive</kind>
         <file>rts430x_lc_sd_eabi.lib</file>
         <name>copy_zero_init.c.obj</name>
      </input_file>
      <input_file id="fl-31">
         <path>/home/paul/ti/ccs1260/ccs/tools/compiler/ti-cgt-msp430_21.6.1.LTS/lib/</path>
         <kind>archive</kind>
         <file>rts430x_lc_sd_eabi.lib</file>
         <name>cpy_tbl.c.obj</name>
      </input_file>
      <input_file id="fl-32">
         <path>/home/paul/ti/ccs1260/ccs/tools/compiler/ti-cgt-msp430_21.6.1.LTS/lib/</path>
         <kind>archive</kind>
         <file>rts430x_lc_sd_eabi.lib</file>
         <name>mpu_init.c.obj</name>
      </input_file>
      <input_file id="fl-33">
         <path>/home/paul/ti/ccs1260/ccs/tools/compiler/ti-cgt-msp430_21.6.1.LTS/lib/</path>
         <kind>archive</kind>
         <file>rts430x_lc_sd_eabi.lib</file>
         <name>pre_init.c.obj</name>
      </input_file>
      <input_file id="fl-34">
         <path>/home/paul/ti/ccs1260/ccs/tools/compiler/ti-cgt-msp430_21.6.1.LTS/lib/</path>
         <kind>archive</kind>
         <file>rts430x_lc_sd_eabi.lib</file>
         <name>startup.c.obj</name>
      </input_file>
      <input_file id="fl-35">
         <path>/home/paul/ti/ccs1260/ccs/tools/compiler/ti-cgt-msp430_21.6.1.LTS/lib/</path>
         <kind>archive</kind>
         <file>rts430x_lc_sd_eabi.lib</file>
         <name>copy_decompress_none.c.obj</name>
      </input_file>
      <input_file id="fl-36">
         <path>/home/paul/ti/ccs1260/ccs/tools/compiler/ti-cgt-msp430_21.6.1.LTS/lib/</path>
         <kind>archive</kind>
         <file>rts430x_lc_sd_eabi.lib</file>
         <name>copy_decompress_lzss.c.obj</name>
      </input_file>
      <input_file id="fl-37">
         <path>/home/paul/ti/ccs1260/ccs/tools/compiler/ti-cgt-msp430_21.6.1.LTS/lib/</path>
         <kind>archive</kind>
         <file>rts430x_lc_sd_eabi.lib</file>
         <name>exit.c.obj</name>
      </input_file>
      <input_file id="fl-38">
         <path>/home/paul/ti/ccs1260/ccs/tools/compiler/ti-cgt-msp430_21.6.1.LTS/lib/</path>
         <kind>archive</kind>
         <file>rts430x_lc_sd_eabi.lib</file>
         <name>_lock.c.obj</name>
      </input_file>
      <input_file id="fl-39">
         <path>/home/paul/ti/ccs1260/ccs/tools/compiler/ti-cgt-msp430_21.6.1.LTS/lib/</path>
         <kind>archive</kind>
         <file>rts430x_lc_sd_eabi.lib</file>
         <name>args_main.c.obj</name>
      </input_file>
      <input_file id="fl-3a">
         <path>/home/paul/ti/ccs1260/ccs/tools/compiler/ti-cgt-msp430_21.6.1.LTS/lib/</path>
         <kind>archive</kind>
         <file>rts430x_lc_sd_eabi.lib</file>
         <name>memcpy.c.obj</name>
      </input_file>
      <input_file id="fl-3b">
         <path>/home/paul/ti/ccs1260/ccs/tools/compiler/ti-cgt-msp430_21.6.1.LTS/lib/</path>
         <kind>archive</kind>
         <file>rts430x_lc_sd_eabi.lib</file>
         <name>abs.c.obj</name>
      </input_file>
      <input_file id="fl-3c">
         <path>/home/paul/ti/ccs1260/ccs/tools/compiler/ti-cgt-msp430_21.6.1.LTS/lib/</path>
         <kind>archive</kind>
         <file>rts430x_lc_sd_eabi.lib</file>
         <name>cpy_util.asm.obj</name>
      </input_file>
      <input_file id="fl-3d">
         <path>/home/paul/ti/ccs1260/ccs/tools/compiler/ti-cgt-msp430_21.6.1.LTS/lib/</path>
         <kind>archive</kind>
         <file>rts430x_lc_sd_eabi.lib</file>
         <name>mult16.asm.obj</name>
      </input_file>
      <input_file id="fl-3e">
         <path>/home/paul/ti/ccs1260/ccs/tools/compiler/ti-cgt-msp430_21.6.1.LTS/lib/</path>
         <kind>archive</kind>
         <file>rts430x_lc_sd_eabi.lib</file>
         <name>exit_gvars.c.obj</name>
      </input_file>
   </input_file_list>
   <object_component_list>
      <object_component id="oc-4cc">
         <name>.cinit..fram_vars.load</name>
         <load_address>0xf100</load_address>
         <run_address>0xf100</run_address>
         <size>0x10</size>
      </object_component>
      <object_component id="oc-4c8">
         <name>__TI_handler_table</name>
         <load_address>0xf110</load_address>
         <run_address>0xf110</run_address>
         <size>0xc</size>
      </object_component>
      <object_component id="oc-4cb">
         <name>.cinit..data.load</name>
         <load_address>0xf11c</load_address>
         <run_address>0xf11c</run_address>
         <size>0x8</size>
      </object_component>
      <object_component id="oc-4ca">
         <name>.cinit..bss.load</name>
         <load_address>0xf124</load_address>
         <run_address>0xf124</run_address>
         <size>0x6</size>
      </object_component>
      <object_component id="oc-4c9">
         <name>__TI_cinit_table</name>
         <load_address>0xf12a</load_address>
         <run_address>0xf12a</run_address>
         <size>0x18</size>
      </object_component>
      <object_component id="oc-45e">
         <name>.binit</name>
         <load_address>0xf142</load_address>
         <run_address>0xf142</run_address>
         <size>0x0</size>
      </object_component>
      <object_component id="oc-449">
         <name>.const:lt</name>
         <load_address>0xf142</load_address>
         <run_address>0xf142</run_address>
         <size>0x200</size>
         <input_file_ref idref="fl-3"/>
      </object_component>
      <object_component id="oc-330">
         <name>.text:handle_command</name>
         <load_address>0xf342</load_address>
         <run_address>0xf342</run_address>
         <size>0x242</size>
         <input_file_ref idref="fl-2"/>
      </object_component>
      <object_component id="oc-391">
         <name>.text:read_voltage_channels</name>
         <load_address>0xf584</load_address>
         <run_address>0xf584</run_address>
         <size>0x1b4</size>
         <input_file_ref idref="fl-1"/>
      </object_component>
      <object_component id="oc-64">
         <name>.text:decompress:lzss:__TI_decompress_lzss</name>
         <load_address>0xf738</load_address>
         <run_address>0xf738</run_address>
         <size>0xee</size>
         <input_file_ref idref="fl-36"/>
      </object_component>
      <object_component id="oc-2df">
         <name>.text:main</name>
         <load_address>0xf826</load_address>
         <run_address>0xf826</run_address>
         <size>0xbc</size>
         <input_file_ref idref="fl-3"/>
      </object_component>
      <object_component id="oc-397">
         <name>.text:calculate_position</name>
         <load_address>0xf8e2</load_address>
         <run_address>0xf8e2</run_address>
         <size>0x92</size>
         <input_file_ref idref="fl-3"/>
      </object_component>
      <object_component id="oc-35e">
         <name>.text:__TI_auto_init_nobinit_nopinit_hold_wdt:__TI_auto_init_nobinit_nopinit_hold_wdt</name>
         <load_address>0xf974</load_address>
         <run_address>0xf974</run_address>
         <size>0x6a</size>
         <input_file_ref idref="fl-2f"/>
      </object_component>
      <object_component id="oc-38b">
         <name>.text:read_temperature</name>
         <load_address>0xf9de</load_address>
         <run_address>0xf9de</run_address>
         <size>0x60</size>
         <input_file_ref idref="fl-1"/>
      </object_component>
      <object_component id="oc-43d">
         <name>.text</name>
         <load_address>0xfa3e</load_address>
         <run_address>0xfa3e</run_address>
         <size>0x58</size>
         <input_file_ref idref="fl-20"/>
      </object_component>
      <object_component id="oc-403">
         <name>.text:atan</name>
         <load_address>0xfa96</load_address>
         <run_address>0xfa96</run_address>
         <size>0x4e</size>
         <input_file_ref idref="fl-3"/>
      </object_component>
      <object_component id="oc-318">
         <name>.text:init_i2c</name>
         <load_address>0xfae4</load_address>
         <run_address>0xfae4</run_address>
         <size>0x46</size>
         <input_file_ref idref="fl-2"/>
      </object_component>
      <object_component id="oc-253">
         <name>.text:__memcpy_far</name>
         <load_address>0xfb2a</load_address>
         <run_address>0xfb2a</run_address>
         <size>0x40</size>
         <input_file_ref idref="fl-3c"/>
      </object_component>
      <object_component id="oc-3fd">
         <name>.text</name>
         <load_address>0xfb6a</load_address>
         <run_address>0xfb6a</run_address>
         <size>0x40</size>
         <input_file_ref idref="fl-1f"/>
      </object_component>
      <object_component id="oc-276">
         <name>.text:decompress:ZI:__TI_zero_init_nomemset:__TI_zero_init_nomemset</name>
         <load_address>0xfbaa</load_address>
         <run_address>0xfbaa</run_address>
         <size>0x3e</size>
         <input_file_ref idref="fl-30"/>
      </object_component>
      <object_component id="oc-3f8">
         <name>.text:l_lsl_const</name>
         <load_address>0xfbe8</load_address>
         <run_address>0xfbe8</run_address>
         <size>0x3e</size>
         <input_file_ref idref="fl-2d"/>
      </object_component>
      <object_component id="oc-6a">
         <name>.text:decompress:none:__TI_decompress_none</name>
         <load_address>0xfc26</load_address>
         <run_address>0xfc26</run_address>
         <size>0x3c</size>
         <input_file_ref idref="fl-35"/>
      </object_component>
      <object_component id="oc-3eb">
         <name>.text:wakeup</name>
         <load_address>0xfc62</load_address>
         <run_address>0xfc62</run_address>
         <size>0x2e</size>
         <input_file_ref idref="fl-3"/>
      </object_component>
      <object_component id="oc-3a5">
         <name>.text:calculate_vectors</name>
         <load_address>0xfc90</load_address>
         <run_address>0xfc90</run_address>
         <size>0x26</size>
         <input_file_ref idref="fl-3"/>
      </object_component>
      <object_component id="oc-324">
         <name>.text:init_heartbeat_timer</name>
         <load_address>0xfcb6</load_address>
         <run_address>0xfcb6</run_address>
         <size>0x22</size>
         <input_file_ref idref="fl-3"/>
      </object_component>
      <object_component id="oc-32a">
         <name>.text:sleepmode</name>
         <load_address>0xfcd8</load_address>
         <run_address>0xfcd8</run_address>
         <size>0x22</size>
         <input_file_ref idref="fl-3"/>
      </object_component>
      <object_component id="oc-39d">
         <name>.text:calculate_angles</name>
         <load_address>0xfcfa</load_address>
         <run_address>0xfcfa</run_address>
         <size>0x20</size>
         <input_file_ref idref="fl-3"/>
      </object_component>
      <object_component id="oc-31e">
         <name>.text:init_adc</name>
         <load_address>0xfd1a</load_address>
         <run_address>0xfd1a</run_address>
         <size>0x18</size>
         <input_file_ref idref="fl-1"/>
      </object_component>
      <object_component id="oc-3f2">
         <name>.text</name>
         <load_address>0xfd32</load_address>
         <run_address>0xfd32</run_address>
         <size>0x16</size>
         <input_file_ref idref="fl-1e"/>
      </object_component>
      <object_component id="oc-385">
         <name>.text:memcpy</name>
         <load_address>0xfd48</load_address>
         <run_address>0xfd48</run_address>
         <size>0x12</size>
         <input_file_ref idref="fl-3a"/>
      </object_component>
      <object_component id="oc-443">
         <name>.text:abs</name>
         <load_address>0xfd5a</load_address>
         <run_address>0xfd5a</run_address>
         <size>0xa</size>
         <input_file_ref idref="fl-3b"/>
      </object_component>
      <object_component id="oc-33a">
         <name>.text:abort</name>
         <load_address>0xfd64</load_address>
         <run_address>0xfd64</run_address>
         <size>0x6</size>
         <input_file_ref idref="fl-37"/>
      </object_component>
      <object_component id="oc-2d9">
         <name>.text:_system_pre_init</name>
         <load_address>0xfd6a</load_address>
         <run_address>0xfd6a</run_address>
         <size>0x4</size>
         <input_file_ref idref="fl-33"/>
      </object_component>
      <object_component id="oc-3c1">
         <name>.text:_system_post_cinit</name>
         <load_address>0xfd6e</load_address>
         <run_address>0xfd6e</run_address>
         <size>0x2</size>
         <input_file_ref idref="fl-34"/>
      </object_component>
      <object_component id="oc-26a">
         <name>.text:_isr:USCIB0_ISR</name>
         <load_address>0xfd70</load_address>
         <run_address>0xfd70</run_address>
         <size>0xd6</size>
         <input_file_ref idref="fl-2"/>
      </object_component>
      <object_component id="oc-264">
         <name>.text:_isr:ADC_ISR</name>
         <load_address>0xfe46</load_address>
         <run_address>0xfe46</run_address>
         <size>0xbe</size>
         <input_file_ref idref="fl-1"/>
      </object_component>
      <object_component id="oc-288">
         <name>.text:_isr:_c_int00_noargs</name>
         <load_address>0xff04</load_address>
         <run_address>0xff04</run_address>
         <size>0x1c</size>
         <input_file_ref idref="fl-2e"/>
      </object_component>
      <object_component id="oc-270">
         <name>.text:_isr:Timer_B0</name>
         <load_address>0xff20</load_address>
         <run_address>0xff20</run_address>
         <size>0x8</size>
         <input_file_ref idref="fl-3"/>
      </object_component>
      <object_component id="oc-25f">
         <name>.text:_isr:__TI_ISR_TRAP</name>
         <load_address>0xff28</load_address>
         <run_address>0xff28</run_address>
         <size>0x8</size>
         <input_file_ref idref="fl-2c"/>
      </object_component>
      <object_component id="oc-2c3">
         <name>.common:adc_done</name>
         <uninitialized>true</uninitialized>
         <run_address>0x204c</run_address>
         <size>0x2</size>
      </object_component>
      <object_component id="oc-2c0">
         <name>.common:samples_todo</name>
         <uninitialized>true</uninitialized>
         <run_address>0x2050</run_address>
         <size>0x2</size>
      </object_component>
      <object_component id="oc-2c4">
         <name>.common:temperature</name>
         <uninitialized>true</uninitialized>
         <run_address>0x2052</run_address>
         <size>0x2</size>
      </object_component>
      <object_component id="oc-2cc">
         <name>.common:received_message</name>
         <uninitialized>true</uninitialized>
         <run_address>0x2000</run_address>
         <size>0x18</size>
      </object_component>
      <object_component id="oc-2ca">
         <name>.common:transmit_message</name>
         <uninitialized>true</uninitialized>
         <run_address>0x2018</run_address>
         <size>0x18</size>
      </object_component>
      <object_component id="oc-2cb">
         <name>.common:receive_len</name>
         <uninitialized>true</uninitialized>
         <run_address>0x204e</run_address>
         <size>0x2</size>
      </object_component>
      <object_component id="oc-2c6">
         <name>.common:transmit_len</name>
         <uninitialized>true</uninitialized>
         <run_address>0x2056</run_address>
         <size>0x2</size>
      </object_component>
      <object_component id="oc-2c9">
         <name>.common:transmit_idx</name>
         <uninitialized>true</uninitialized>
         <run_address>0x2054</run_address>
         <size>0x2</size>
      </object_component>
      <object_component id="oc-2bd">
         <name>.common:raw</name>
         <uninitialized>true</uninitialized>
         <run_address>0x2030</run_address>
         <size>0x8</size>
      </object_component>
      <object_component id="oc-3a3">
         <name>.common:position</name>
         <uninitialized>true</uninitialized>
         <run_address>0x2046</run_address>
         <size>0x6</size>
      </object_component>
      <object_component id="oc-3ab">
         <name>.common:vector</name>
         <uninitialized>true</uninitialized>
         <run_address>0x2038</run_address>
         <size>0x8</size>
      </object_component>
      <object_component id="oc-3a4">
         <name>.common:angles</name>
         <uninitialized>true</uninitialized>
         <run_address>0x2040</run_address>
         <size>0x6</size>
      </object_component>
      <object_component id="oc-2cd">
         <name>.data</name>
         <load_address>0x2058</load_address>
         <run_address>0x2058</run_address>
         <size>0x2</size>
         <input_file_ref idref="fl-2"/>
      </object_component>
      <object_component id="oc-336">
         <name>.data</name>
         <load_address>0x205a</load_address>
         <run_address>0x205a</run_address>
         <size>0x2</size>
         <input_file_ref idref="fl-3"/>
      </object_component>
      <object_component id="oc-244">
         <name>.stack</name>
         <uninitialized>true</uninitialized>
         <run_address>0x2360</run_address>
         <size>0x2</size>
         <input_file_ref idref="fl-2e"/>
      </object_component>
      <object_component id="oc-4cd">
         <name>.stack</name>
         <uninitialized>true</uninitialized>
         <run_address>0x2360</run_address>
         <size>0x0</size>
      </object_component>
      <object_component id="oc-70">
         <name>.int45</name>
         <load_address>0xffe2</load_address>
         <run_address>0xffe2</run_address>
         <size>0x2</size>
         <input_file_ref idref="fl-21"/>
      </object_component>
      <object_component id="oc-71">
         <name>.int46</name>
         <load_address>0xffe4</load_address>
         <run_address>0xffe4</run_address>
         <size>0x2</size>
         <input_file_ref idref="fl-22"/>
      </object_component>
      <object_component id="oc-72">
         <name>.int47</name>
         <load_address>0xffe6</load_address>
         <run_address>0xffe6</run_address>
         <size>0x2</size>
         <input_file_ref idref="fl-23"/>
      </object_component>
      <object_component id="oc-73">
         <name>.int48</name>
         <load_address>0xffe8</load_address>
         <run_address>0xffe8</run_address>
         <size>0x2</size>
         <input_file_ref idref="fl-1"/>
      </object_component>
      <object_component id="oc-74">
         <name>.int49</name>
         <load_address>0xffea</load_address>
         <run_address>0xffea</run_address>
         <size>0x2</size>
         <input_file_ref idref="fl-2"/>
      </object_component>
      <object_component id="oc-75">
         <name>.int50</name>
         <load_address>0xffec</load_address>
         <run_address>0xffec</run_address>
         <size>0x2</size>
         <input_file_ref idref="fl-24"/>
      </object_component>
      <object_component id="oc-76">
         <name>.int51</name>
         <load_address>0xffee</load_address>
         <run_address>0xffee</run_address>
         <size>0x2</size>
         <input_file_ref idref="fl-25"/>
      </object_component>
      <object_component id="oc-77">
         <name>.int52</name>
         <load_address>0xfff0</load_address>
         <run_address>0xfff0</run_address>
         <size>0x2</size>
         <input_file_ref idref="fl-26"/>
      </object_component>
      <object_component id="oc-78">
         <name>.int53</name>
         <load_address>0xfff2</load_address>
         <run_address>0xfff2</run_address>
         <size>0x2</size>
         <input_file_ref idref="fl-27"/>
      </object_component>
      <object_component id="oc-79">
         <name>.int54</name>
         <load_address>0xfff4</load_address>
         <run_address>0xfff4</run_address>
         <size>0x2</size>
         <input_file_ref idref="fl-28"/>
      </object_component>
      <object_component id="oc-7a">
         <name>.int55</name>
         <load_address>0xfff6</load_address>
         <run_address>0xfff6</run_address>
         <size>0x2</size>
         <input_file_ref idref="fl-29"/>
      </object_component>
      <object_component id="oc-7b">
         <name>.int56</name>
         <load_address>0xfff8</load_address>
         <run_address>0xfff8</run_address>
         <size>0x2</size>
         <input_file_ref idref="fl-3"/>
      </object_component>
      <object_component id="oc-7c">
         <name>.int57</name>
         <load_address>0xfffa</load_address>
         <run_address>0xfffa</run_address>
         <size>0x2</size>
         <input_file_ref idref="fl-2a"/>
      </object_component>
      <object_component id="oc-7d">
         <name>.int58</name>
         <load_address>0xfffc</load_address>
         <run_address>0xfffc</run_address>
         <size>0x2</size>
         <input_file_ref idref="fl-2b"/>
      </object_component>
      <object_component id="oc-247">
         <name>.reset</name>
         <load_address>0xfffe</load_address>
         <run_address>0xfffe</run_address>
         <size>0x2</size>
         <input_file_ref idref="fl-2e"/>
      </object_component>
      <object_component id="oc-2c1">
         <name>.debug_info</name>
         <load_address>0x0</load_address>
         <run_address>0x0</run_address>
         <size>0x343</size>
         <input_file_ref idref="fl-1"/>
      </object_component>
      <object_component id="oc-392">
         <name>.debug_info</name>
         <load_address>0x343</load_address>
         <run_address>0x343</run_address>
         <size>0x1a5</size>
         <input_file_ref idref="fl-1"/>
      </object_component>
      <object_component id="oc-38c">
         <name>.debug_info</name>
         <load_address>0x4e8</load_address>
         <run_address>0x4e8</run_address>
         <size>0x14f</size>
         <input_file_ref idref="fl-1"/>
      </object_component>
      <object_component id="oc-31f">
         <name>.debug_info</name>
         <load_address>0x637</load_address>
         <run_address>0x637</run_address>
         <size>0x123</size>
         <input_file_ref idref="fl-1"/>
      </object_component>
      <object_component id="oc-265">
         <name>.debug_info</name>
         <load_address>0x75a</load_address>
         <run_address>0x75a</run_address>
         <size>0x122</size>
         <input_file_ref idref="fl-1"/>
      </object_component>
      <object_component id="oc-30c">
         <name>.debug_info</name>
         <load_address>0x87c</load_address>
         <run_address>0x87c</run_address>
         <size>0x20e</size>
         <input_file_ref idref="fl-1"/>
      </object_component>
      <object_component id="oc-307">
         <name>.debug_info</name>
         <load_address>0xa8a</load_address>
         <run_address>0xa8a</run_address>
         <size>0x26b</size>
         <input_file_ref idref="fl-1"/>
      </object_component>
      <object_component id="oc-24e">
         <name>.debug_info</name>
         <load_address>0xcf5</load_address>
         <run_address>0xcf5</run_address>
         <size>0x84</size>
         <input_file_ref idref="fl-1"/>
      </object_component>
      <object_component id="oc-379">
         <name>.debug_info</name>
         <load_address>0xd79</load_address>
         <run_address>0xd79</run_address>
         <size>0x282</size>
         <input_file_ref idref="fl-1"/>
      </object_component>
      <object_component id="oc-302">
         <name>.debug_info</name>
         <load_address>0xffb</load_address>
         <run_address>0xffb</run_address>
         <size>0xbb</size>
         <input_file_ref idref="fl-1"/>
      </object_component>
      <object_component id="oc-2c7">
         <name>.debug_info</name>
         <load_address>0x10b6</load_address>
         <run_address>0x10b6</run_address>
         <size>0x58d</size>
         <input_file_ref idref="fl-2"/>
      </object_component>
      <object_component id="oc-2ce">
         <name>.debug_info</name>
         <load_address>0x1643</load_address>
         <run_address>0x1643</run_address>
         <size>0x101</size>
         <input_file_ref idref="fl-2"/>
      </object_component>
      <object_component id="oc-319">
         <name>.debug_info</name>
         <load_address>0x1744</load_address>
         <run_address>0x1744</run_address>
         <size>0x123</size>
         <input_file_ref idref="fl-2"/>
      </object_component>
      <object_component id="oc-331">
         <name>.debug_info</name>
         <load_address>0x1867</load_address>
         <run_address>0x1867</run_address>
         <size>0x320</size>
         <input_file_ref idref="fl-2"/>
      </object_component>
      <object_component id="oc-26b">
         <name>.debug_info</name>
         <load_address>0x1b87</load_address>
         <run_address>0x1b87</run_address>
         <size>0x128</size>
         <input_file_ref idref="fl-2"/>
      </object_component>
      <object_component id="oc-2be">
         <name>.debug_info</name>
         <load_address>0x1caf</load_address>
         <run_address>0x1caf</run_address>
         <size>0x500</size>
         <input_file_ref idref="fl-3"/>
      </object_component>
      <object_component id="oc-337">
         <name>.debug_info</name>
         <load_address>0x21af</load_address>
         <run_address>0x21af</run_address>
         <size>0x100</size>
         <input_file_ref idref="fl-3"/>
      </object_component>
      <object_component id="oc-37f">
         <name>.debug_info</name>
         <load_address>0x22af</load_address>
         <run_address>0x22af</run_address>
         <size>0x160</size>
         <input_file_ref idref="fl-3"/>
      </object_component>
      <object_component id="oc-44a">
         <name>.debug_info</name>
         <load_address>0x240f</load_address>
         <run_address>0x240f</run_address>
         <size>0xf0</size>
         <input_file_ref idref="fl-3"/>
      </object_component>
      <object_component id="oc-3ec">
         <name>.debug_info</name>
         <load_address>0x24ff</load_address>
         <run_address>0x24ff</run_address>
         <size>0x123</size>
         <input_file_ref idref="fl-3"/>
      </object_component>
      <object_component id="oc-32b">
         <name>.debug_info</name>
         <load_address>0x2622</load_address>
         <run_address>0x2622</run_address>
         <size>0x128</size>
         <input_file_ref idref="fl-3"/>
      </object_component>
      <object_component id="oc-325">
         <name>.debug_info</name>
         <load_address>0x274a</load_address>
         <run_address>0x274a</run_address>
         <size>0x141</size>
         <input_file_ref idref="fl-3"/>
      </object_component>
      <object_component id="oc-2e0">
         <name>.debug_info</name>
         <load_address>0x288b</load_address>
         <run_address>0x288b</run_address>
         <size>0x1ab</size>
         <input_file_ref idref="fl-3"/>
      </object_component>
      <object_component id="oc-3a6">
         <name>.debug_info</name>
         <load_address>0x2a36</load_address>
         <run_address>0x2a36</run_address>
         <size>0x138</size>
         <input_file_ref idref="fl-3"/>
      </object_component>
      <object_component id="oc-398">
         <name>.debug_info</name>
         <load_address>0x2b6e</load_address>
         <run_address>0x2b6e</run_address>
         <size>0x1b6</size>
         <input_file_ref idref="fl-3"/>
      </object_component>
      <object_component id="oc-404">
         <name>.debug_info</name>
         <load_address>0x2d24</load_address>
         <run_address>0x2d24</run_address>
         <size>0x172</size>
         <input_file_ref idref="fl-3"/>
      </object_component>
      <object_component id="oc-39e">
         <name>.debug_info</name>
         <load_address>0x2e96</load_address>
         <run_address>0x2e96</run_address>
         <size>0x14c</size>
         <input_file_ref idref="fl-3"/>
      </object_component>
      <object_component id="oc-271">
         <name>.debug_info</name>
         <load_address>0x2fe2</load_address>
         <run_address>0x2fe2</run_address>
         <size>0x12a</size>
         <input_file_ref idref="fl-3"/>
      </object_component>
      <object_component id="oc-3f3">
         <name>.debug_info</name>
         <load_address>0x310c</load_address>
         <run_address>0x310c</run_address>
         <size>0x121</size>
         <input_file_ref idref="fl-1e"/>
      </object_component>
      <object_component id="oc-3fe">
         <name>.debug_info</name>
         <load_address>0x322d</load_address>
         <run_address>0x322d</run_address>
         <size>0x138</size>
         <input_file_ref idref="fl-1f"/>
      </object_component>
      <object_component id="oc-43e">
         <name>.debug_info</name>
         <load_address>0x3365</load_address>
         <run_address>0x3365</run_address>
         <size>0x123</size>
         <input_file_ref idref="fl-20"/>
      </object_component>
      <object_component id="oc-260">
         <name>.debug_info</name>
         <load_address>0x3488</load_address>
         <run_address>0x3488</run_address>
         <size>0x10f</size>
         <input_file_ref idref="fl-2c"/>
      </object_component>
      <object_component id="oc-3f9">
         <name>.debug_info</name>
         <load_address>0x3597</load_address>
         <run_address>0x3597</run_address>
         <size>0x126</size>
         <input_file_ref idref="fl-2d"/>
      </object_component>
      <object_component id="oc-245">
         <name>.debug_info</name>
         <load_address>0x36bd</load_address>
         <run_address>0x36bd</run_address>
         <size>0x100</size>
         <input_file_ref idref="fl-2e"/>
      </object_component>
      <object_component id="oc-289">
         <name>.debug_info</name>
         <load_address>0x37bd</load_address>
         <run_address>0x37bd</run_address>
         <size>0x17a</size>
         <input_file_ref idref="fl-2e"/>
      </object_component>
      <object_component id="oc-3c8">
         <name>.debug_info</name>
         <load_address>0x3937</load_address>
         <run_address>0x3937</run_address>
         <size>0x409</size>
         <input_file_ref idref="fl-2f"/>
      </object_component>
      <object_component id="oc-35f">
         <name>.debug_info</name>
         <load_address>0x3d40</load_address>
         <run_address>0x3d40</run_address>
         <size>0x216</size>
         <input_file_ref idref="fl-2f"/>
      </object_component>
      <object_component id="oc-422">
         <name>.debug_info</name>
         <load_address>0x3f56</load_address>
         <run_address>0x3f56</run_address>
         <size>0x39</size>
         <input_file_ref idref="fl-2f"/>
      </object_component>
      <object_component id="oc-433">
         <name>.debug_info</name>
         <load_address>0x3f8f</load_address>
         <run_address>0x3f8f</run_address>
         <size>0x2c</size>
         <input_file_ref idref="fl-2f"/>
      </object_component>
      <object_component id="oc-3d3">
         <name>.debug_info</name>
         <load_address>0x3fbb</load_address>
         <run_address>0x3fbb</run_address>
         <size>0x2c</size>
         <input_file_ref idref="fl-2f"/>
      </object_component>
      <object_component id="oc-427">
         <name>.debug_info</name>
         <load_address>0x3fe7</load_address>
         <run_address>0x3fe7</run_address>
         <size>0xcd</size>
         <input_file_ref idref="fl-2f"/>
      </object_component>
      <object_component id="oc-277">
         <name>.debug_info</name>
         <load_address>0x40b4</load_address>
         <run_address>0x40b4</run_address>
         <size>0x1d3</size>
         <input_file_ref idref="fl-30"/>
      </object_component>
      <object_component id="oc-2d3">
         <name>.debug_info</name>
         <load_address>0x4287</load_address>
         <run_address>0x4287</run_address>
         <size>0x46</size>
         <input_file_ref idref="fl-30"/>
      </object_component>
      <object_component id="oc-3e6">
         <name>.debug_info</name>
         <load_address>0x42cd</load_address>
         <run_address>0x42cd</run_address>
         <size>0x2c</size>
         <input_file_ref idref="fl-31"/>
      </object_component>
      <object_component id="oc-2da">
         <name>.debug_info</name>
         <load_address>0x42f9</load_address>
         <run_address>0x42f9</run_address>
         <size>0x153</size>
         <input_file_ref idref="fl-33"/>
      </object_component>
      <object_component id="oc-3c2">
         <name>.debug_info</name>
         <load_address>0x444c</load_address>
         <run_address>0x444c</run_address>
         <size>0x150</size>
         <input_file_ref idref="fl-34"/>
      </object_component>
      <object_component id="oc-25e">
         <name>.debug_info</name>
         <load_address>0x459c</load_address>
         <run_address>0x459c</run_address>
         <size>0x1da</size>
         <input_file_ref idref="fl-35"/>
      </object_component>
      <object_component id="oc-6b">
         <name>.debug_info</name>
         <load_address>0x4776</load_address>
         <run_address>0x4776</run_address>
         <size>0x1f2</size>
         <input_file_ref idref="fl-35"/>
      </object_component>
      <object_component id="oc-259">
         <name>.debug_info</name>
         <load_address>0x4968</load_address>
         <run_address>0x4968</run_address>
         <size>0x46</size>
         <input_file_ref idref="fl-35"/>
      </object_component>
      <object_component id="oc-65">
         <name>.debug_info</name>
         <load_address>0x49ae</load_address>
         <run_address>0x49ae</run_address>
         <size>0x2b8</size>
         <input_file_ref idref="fl-36"/>
      </object_component>
      <object_component id="oc-2fb">
         <name>.debug_info</name>
         <load_address>0x4c66</load_address>
         <run_address>0x4c66</run_address>
         <size>0x46</size>
         <input_file_ref idref="fl-36"/>
      </object_component>
      <object_component id="oc-2b4">
         <name>.debug_info</name>
         <load_address>0x4cac</load_address>
         <run_address>0x4cac</run_address>
         <size>0x39</size>
         <input_file_ref idref="fl-36"/>
      </object_component>
      <object_component id="oc-249">
         <name>.debug_info</name>
         <load_address>0x4ce5</load_address>
         <run_address>0x4ce5</run_address>
         <size>0x60</size>
         <input_file_ref idref="fl-36"/>
      </object_component>
      <object_component id="oc-33b">
         <name>.debug_info</name>
         <load_address>0x4d45</load_address>
         <run_address>0x4d45</run_address>
         <size>0x122</size>
         <input_file_ref idref="fl-37"/>
      </object_component>
      <object_component id="oc-3e5">
         <name>.debug_info</name>
         <load_address>0x4e67</load_address>
         <run_address>0x4e67</run_address>
         <size>0x181</size>
         <input_file_ref idref="fl-3a"/>
      </object_component>
      <object_component id="oc-386">
         <name>.debug_info</name>
         <load_address>0x4fe8</load_address>
         <run_address>0x4fe8</run_address>
         <size>0x17a</size>
         <input_file_ref idref="fl-3a"/>
      </object_component>
      <object_component id="oc-444">
         <name>.debug_info</name>
         <load_address>0x5162</load_address>
         <run_address>0x5162</run_address>
         <size>0x140</size>
         <input_file_ref idref="fl-3b"/>
      </object_component>
      <object_component id="oc-254">
         <name>.debug_info</name>
         <load_address>0x52a2</load_address>
         <run_address>0x52a2</run_address>
         <size>0x121</size>
         <input_file_ref idref="fl-3c"/>
      </object_component>
      <object_component id="oc-4ce">
         <name>.debug_info</name>
         <load_address>0x53c3</load_address>
         <run_address>0x53c3</run_address>
         <size>0xcb</size>
      </object_component>
      <object_component id="oc-312">
         <name>.debug_line</name>
         <load_address>0x0</load_address>
         <run_address>0x0</run_address>
         <size>0x7d</size>
         <input_file_ref idref="fl-1"/>
      </object_component>
      <object_component id="oc-395">
         <name>.debug_line</name>
         <load_address>0x7d</load_address>
         <run_address>0x7d</run_address>
         <size>0xea</size>
         <input_file_ref idref="fl-1"/>
      </object_component>
      <object_component id="oc-38f">
         <name>.debug_line</name>
         <load_address>0x167</load_address>
         <run_address>0x167</run_address>
         <size>0x6c</size>
         <input_file_ref idref="fl-1"/>
      </object_component>
      <object_component id="oc-322">
         <name>.debug_line</name>
         <load_address>0x1d3</load_address>
         <run_address>0x1d3</run_address>
         <size>0x42</size>
         <input_file_ref idref="fl-1"/>
      </object_component>
      <object_component id="oc-268">
         <name>.debug_line</name>
         <load_address>0x215</load_address>
         <run_address>0x215</run_address>
         <size>0x6d</size>
         <input_file_ref idref="fl-1"/>
      </object_component>
      <object_component id="oc-30f">
         <name>.debug_line</name>
         <load_address>0x282</load_address>
         <run_address>0x282</run_address>
         <size>0x2d</size>
         <input_file_ref idref="fl-1"/>
      </object_component>
      <object_component id="oc-30a">
         <name>.debug_line</name>
         <load_address>0x2af</load_address>
         <run_address>0x2af</run_address>
         <size>0x7a</size>
         <input_file_ref idref="fl-1"/>
      </object_component>
      <object_component id="oc-251">
         <name>.debug_line</name>
         <load_address>0x329</load_address>
         <run_address>0x329</run_address>
         <size>0x20</size>
         <input_file_ref idref="fl-1"/>
      </object_component>
      <object_component id="oc-37c">
         <name>.debug_line</name>
         <load_address>0x349</load_address>
         <run_address>0x349</run_address>
         <size>0x7e</size>
         <input_file_ref idref="fl-1"/>
      </object_component>
      <object_component id="oc-305">
         <name>.debug_line</name>
         <load_address>0x3c7</load_address>
         <run_address>0x3c7</run_address>
         <size>0x7b</size>
         <input_file_ref idref="fl-1"/>
      </object_component>
      <object_component id="oc-314">
         <name>.debug_line</name>
         <load_address>0x442</load_address>
         <run_address>0x442</run_address>
         <size>0x89</size>
         <input_file_ref idref="fl-2"/>
      </object_component>
      <object_component id="oc-316">
         <name>.debug_line</name>
         <load_address>0x4cb</load_address>
         <run_address>0x4cb</run_address>
         <size>0x2c</size>
         <input_file_ref idref="fl-2"/>
      </object_component>
      <object_component id="oc-31c">
         <name>.debug_line</name>
         <load_address>0x4f7</load_address>
         <run_address>0x4f7</run_address>
         <size>0x4a</size>
         <input_file_ref idref="fl-2"/>
      </object_component>
      <object_component id="oc-334">
         <name>.debug_line</name>
         <load_address>0x541</load_address>
         <run_address>0x541</run_address>
         <size>0xf2</size>
         <input_file_ref idref="fl-2"/>
      </object_component>
      <object_component id="oc-26e">
         <name>.debug_line</name>
         <load_address>0x633</load_address>
         <run_address>0x633</run_address>
         <size>0x88</size>
         <input_file_ref idref="fl-2"/>
      </object_component>
      <object_component id="oc-301">
         <name>.debug_line</name>
         <load_address>0x6bb</load_address>
         <run_address>0x6bb</run_address>
         <size>0x89</size>
         <input_file_ref idref="fl-3"/>
      </object_component>
      <object_component id="oc-3ae">
         <name>.debug_line</name>
         <load_address>0x744</load_address>
         <run_address>0x744</run_address>
         <size>0x2d</size>
         <input_file_ref idref="fl-3"/>
      </object_component>
      <object_component id="oc-3e3">
         <name>.debug_line</name>
         <load_address>0x771</load_address>
         <run_address>0x771</run_address>
         <size>0x2d</size>
         <input_file_ref idref="fl-3"/>
      </object_component>
      <object_component id="oc-45d">
         <name>.debug_line</name>
         <load_address>0x79e</load_address>
         <run_address>0x79e</run_address>
         <size>0x2d</size>
         <input_file_ref idref="fl-3"/>
      </object_component>
      <object_component id="oc-3ef">
         <name>.debug_line</name>
         <load_address>0x7cb</load_address>
         <run_address>0x7cb</run_address>
         <size>0x4a</size>
         <input_file_ref idref="fl-3"/>
      </object_component>
      <object_component id="oc-32e">
         <name>.debug_line</name>
         <load_address>0x815</load_address>
         <run_address>0x815</run_address>
         <size>0x49</size>
         <input_file_ref idref="fl-3"/>
      </object_component>
      <object_component id="oc-328">
         <name>.debug_line</name>
         <load_address>0x85e</load_address>
         <run_address>0x85e</run_address>
         <size>0x48</size>
         <input_file_ref idref="fl-3"/>
      </object_component>
      <object_component id="oc-2e3">
         <name>.debug_line</name>
         <load_address>0x8a6</load_address>
         <run_address>0x8a6</run_address>
         <size>0x74</size>
         <input_file_ref idref="fl-3"/>
      </object_component>
      <object_component id="oc-3a9">
         <name>.debug_line</name>
         <load_address>0x91a</load_address>
         <run_address>0x91a</run_address>
         <size>0x46</size>
         <input_file_ref idref="fl-3"/>
      </object_component>
      <object_component id="oc-39b">
         <name>.debug_line</name>
         <load_address>0x960</load_address>
         <run_address>0x960</run_address>
         <size>0x57</size>
         <input_file_ref idref="fl-3"/>
      </object_component>
      <object_component id="oc-407">
         <name>.debug_line</name>
         <load_address>0x9b7</load_address>
         <run_address>0x9b7</run_address>
         <size>0x5a</size>
         <input_file_ref idref="fl-3"/>
      </object_component>
      <object_component id="oc-3a1">
         <name>.debug_line</name>
         <load_address>0xa11</load_address>
         <run_address>0xa11</run_address>
         <size>0x45</size>
         <input_file_ref idref="fl-3"/>
      </object_component>
      <object_component id="oc-274">
         <name>.debug_line</name>
         <load_address>0xa56</load_address>
         <run_address>0xa56</run_address>
         <size>0x43</size>
         <input_file_ref idref="fl-3"/>
      </object_component>
      <object_component id="oc-3f6">
         <name>.debug_line</name>
         <load_address>0xa99</load_address>
         <run_address>0xa99</run_address>
         <size>0x43</size>
         <input_file_ref idref="fl-1e"/>
      </object_component>
      <object_component id="oc-401">
         <name>.debug_line</name>
         <load_address>0xadc</load_address>
         <run_address>0xadc</run_address>
         <size>0x5a</size>
         <input_file_ref idref="fl-1f"/>
      </object_component>
      <object_component id="oc-441">
         <name>.debug_line</name>
         <load_address>0xb36</load_address>
         <run_address>0xb36</run_address>
         <size>0x64</size>
         <input_file_ref idref="fl-20"/>
      </object_component>
      <object_component id="oc-263">
         <name>.debug_line</name>
         <load_address>0xb9a</load_address>
         <run_address>0xb9a</run_address>
         <size>0x3d</size>
         <input_file_ref idref="fl-2c"/>
      </object_component>
      <object_component id="oc-3fc">
         <name>.debug_line</name>
         <load_address>0xbd7</load_address>
         <run_address>0xbd7</run_address>
         <size>0x56</size>
         <input_file_ref idref="fl-2d"/>
      </object_component>
      <object_component id="oc-2b3">
         <name>.debug_line</name>
         <load_address>0xc2d</load_address>
         <run_address>0xc2d</run_address>
         <size>0x2a</size>
         <input_file_ref idref="fl-2e"/>
      </object_component>
      <object_component id="oc-28c">
         <name>.debug_line</name>
         <load_address>0xc57</load_address>
         <run_address>0xc57</run_address>
         <size>0x46</size>
         <input_file_ref idref="fl-2e"/>
      </object_component>
      <object_component id="oc-421">
         <name>.debug_line</name>
         <load_address>0xc9d</load_address>
         <run_address>0xc9d</run_address>
         <size>0xbf</size>
         <input_file_ref idref="fl-2f"/>
      </object_component>
      <object_component id="oc-362">
         <name>.debug_line</name>
         <load_address>0xd5c</load_address>
         <run_address>0xd5c</run_address>
         <size>0x84</size>
         <input_file_ref idref="fl-2f"/>
      </object_component>
      <object_component id="oc-425">
         <name>.debug_line</name>
         <load_address>0xde0</load_address>
         <run_address>0xde0</run_address>
         <size>0x2e</size>
         <input_file_ref idref="fl-2f"/>
      </object_component>
      <object_component id="oc-436">
         <name>.debug_line</name>
         <load_address>0xe0e</load_address>
         <run_address>0xe0e</run_address>
         <size>0x9a</size>
         <input_file_ref idref="fl-2f"/>
      </object_component>
      <object_component id="oc-3d6">
         <name>.debug_line</name>
         <load_address>0xea8</load_address>
         <run_address>0xea8</run_address>
         <size>0x97</size>
         <input_file_ref idref="fl-2f"/>
      </object_component>
      <object_component id="oc-42a">
         <name>.debug_line</name>
         <load_address>0xf3f</load_address>
         <run_address>0xf3f</run_address>
         <size>0x93</size>
         <input_file_ref idref="fl-2f"/>
      </object_component>
      <object_component id="oc-27a">
         <name>.debug_line</name>
         <load_address>0xfd2</load_address>
         <run_address>0xfd2</run_address>
         <size>0x4e</size>
         <input_file_ref idref="fl-30"/>
      </object_component>
      <object_component id="oc-2d6">
         <name>.debug_line</name>
         <load_address>0x1020</load_address>
         <run_address>0x1020</run_address>
         <size>0x34</size>
         <input_file_ref idref="fl-30"/>
      </object_component>
      <object_component id="oc-3e9">
         <name>.debug_line</name>
         <load_address>0x1054</load_address>
         <run_address>0x1054</run_address>
         <size>0x92</size>
         <input_file_ref idref="fl-31"/>
      </object_component>
      <object_component id="oc-2dd">
         <name>.debug_line</name>
         <load_address>0x10e6</load_address>
         <run_address>0x10e6</run_address>
         <size>0x3e</size>
         <input_file_ref idref="fl-33"/>
      </object_component>
      <object_component id="oc-3c5">
         <name>.debug_line</name>
         <load_address>0x1124</load_address>
         <run_address>0x1124</run_address>
         <size>0x3a</size>
         <input_file_ref idref="fl-34"/>
      </object_component>
      <object_component id="oc-2bb">
         <name>.debug_line</name>
         <load_address>0x115e</load_address>
         <run_address>0x115e</run_address>
         <size>0x3a</size>
         <input_file_ref idref="fl-35"/>
      </object_component>
      <object_component id="oc-6e">
         <name>.debug_line</name>
         <load_address>0x1198</load_address>
         <run_address>0x1198</run_address>
         <size>0x50</size>
         <input_file_ref idref="fl-35"/>
      </object_component>
      <object_component id="oc-25c">
         <name>.debug_line</name>
         <load_address>0x11e8</load_address>
         <run_address>0x11e8</run_address>
         <size>0x3a</size>
         <input_file_ref idref="fl-35"/>
      </object_component>
      <object_component id="oc-68">
         <name>.debug_line</name>
         <load_address>0x1222</load_address>
         <run_address>0x1222</run_address>
         <size>0x9d</size>
         <input_file_ref idref="fl-36"/>
      </object_component>
      <object_component id="oc-2fe">
         <name>.debug_line</name>
         <load_address>0x12bf</load_address>
         <run_address>0x12bf</run_address>
         <size>0x9a</size>
         <input_file_ref idref="fl-36"/>
      </object_component>
      <object_component id="oc-2b7">
         <name>.debug_line</name>
         <load_address>0x1359</load_address>
         <run_address>0x1359</run_address>
         <size>0x96</size>
         <input_file_ref idref="fl-36"/>
      </object_component>
      <object_component id="oc-24c">
         <name>.debug_line</name>
         <load_address>0x13ef</load_address>
         <run_address>0x13ef</run_address>
         <size>0x3a</size>
         <input_file_ref idref="fl-36"/>
      </object_component>
      <object_component id="oc-33e">
         <name>.debug_line</name>
         <load_address>0x1429</load_address>
         <run_address>0x1429</run_address>
         <size>0x3d</size>
         <input_file_ref idref="fl-37"/>
      </object_component>
      <object_component id="oc-439">
         <name>.debug_line</name>
         <load_address>0x1466</load_address>
         <run_address>0x1466</run_address>
         <size>0x20</size>
         <input_file_ref idref="fl-3a"/>
      </object_component>
      <object_component id="oc-389">
         <name>.debug_line</name>
         <load_address>0x1486</load_address>
         <run_address>0x1486</run_address>
         <size>0x42</size>
         <input_file_ref idref="fl-3a"/>
      </object_component>
      <object_component id="oc-447">
         <name>.debug_line</name>
         <load_address>0x14c8</load_address>
         <run_address>0x14c8</run_address>
         <size>0x3c</size>
         <input_file_ref idref="fl-3b"/>
      </object_component>
      <object_component id="oc-257">
         <name>.debug_line</name>
         <load_address>0x1504</load_address>
         <run_address>0x1504</run_address>
         <size>0x52</size>
         <input_file_ref idref="fl-3c"/>
      </object_component>
      <object_component id="oc-396">
         <name>.debug_frame</name>
         <load_address>0x0</load_address>
         <run_address>0x0</run_address>
         <size>0x40</size>
         <input_file_ref idref="fl-1"/>
      </object_component>
      <object_component id="oc-390">
         <name>.debug_frame</name>
         <load_address>0x40</load_address>
         <run_address>0x40</run_address>
         <size>0x3c</size>
         <input_file_ref idref="fl-1"/>
      </object_component>
      <object_component id="oc-323">
         <name>.debug_frame</name>
         <load_address>0x7c</load_address>
         <run_address>0x7c</run_address>
         <size>0x3c</size>
         <input_file_ref idref="fl-1"/>
      </object_component>
      <object_component id="oc-269">
         <name>.debug_frame</name>
         <load_address>0xb8</load_address>
         <run_address>0xb8</run_address>
         <size>0x44</size>
         <input_file_ref idref="fl-1"/>
      </object_component>
      <object_component id="oc-31d">
         <name>.debug_frame</name>
         <load_address>0xfc</load_address>
         <run_address>0xfc</run_address>
         <size>0x3c</size>
         <input_file_ref idref="fl-2"/>
      </object_component>
      <object_component id="oc-335">
         <name>.debug_frame</name>
         <load_address>0x138</load_address>
         <run_address>0x138</run_address>
         <size>0x40</size>
         <input_file_ref idref="fl-2"/>
      </object_component>
      <object_component id="oc-26f">
         <name>.debug_frame</name>
         <load_address>0x178</load_address>
         <run_address>0x178</run_address>
         <size>0x44</size>
         <input_file_ref idref="fl-2"/>
      </object_component>
      <object_component id="oc-3f0">
         <name>.debug_frame</name>
         <load_address>0x1bc</load_address>
         <run_address>0x1bc</run_address>
         <size>0x3c</size>
         <input_file_ref idref="fl-3"/>
      </object_component>
      <object_component id="oc-32f">
         <name>.debug_frame</name>
         <load_address>0x1f8</load_address>
         <run_address>0x1f8</run_address>
         <size>0x3c</size>
         <input_file_ref idref="fl-3"/>
      </object_component>
      <object_component id="oc-329">
         <name>.debug_frame</name>
         <load_address>0x234</load_address>
         <run_address>0x234</run_address>
         <size>0x3c</size>
         <input_file_ref idref="fl-3"/>
      </object_component>
      <object_component id="oc-2e4">
         <name>.debug_frame</name>
         <load_address>0x270</load_address>
         <run_address>0x270</run_address>
         <size>0x40</size>
         <input_file_ref idref="fl-3"/>
      </object_component>
      <object_component id="oc-3aa">
         <name>.debug_frame</name>
         <load_address>0x2b0</load_address>
         <run_address>0x2b0</run_address>
         <size>0x3c</size>
         <input_file_ref idref="fl-3"/>
      </object_component>
      <object_component id="oc-39c">
         <name>.debug_frame</name>
         <load_address>0x2ec</load_address>
         <run_address>0x2ec</run_address>
         <size>0x4c</size>
         <input_file_ref idref="fl-3"/>
      </object_component>
      <object_component id="oc-408">
         <name>.debug_frame</name>
         <load_address>0x338</load_address>
         <run_address>0x338</run_address>
         <size>0x3c</size>
         <input_file_ref idref="fl-3"/>
      </object_component>
      <object_component id="oc-3a2">
         <name>.debug_frame</name>
         <load_address>0x374</load_address>
         <run_address>0x374</run_address>
         <size>0x3c</size>
         <input_file_ref idref="fl-3"/>
      </object_component>
      <object_component id="oc-275">
         <name>.debug_frame</name>
         <load_address>0x3b0</load_address>
         <run_address>0x3b0</run_address>
         <size>0x3c</size>
         <input_file_ref idref="fl-3"/>
      </object_component>
      <object_component id="oc-28d">
         <name>.debug_frame</name>
         <load_address>0x3ec</load_address>
         <run_address>0x3ec</run_address>
         <size>0x34</size>
         <input_file_ref idref="fl-2e"/>
      </object_component>
      <object_component id="oc-363">
         <name>.debug_frame</name>
         <load_address>0x420</load_address>
         <run_address>0x420</run_address>
         <size>0x48</size>
         <input_file_ref idref="fl-2f"/>
      </object_component>
      <object_component id="oc-27b">
         <name>.debug_frame</name>
         <load_address>0x468</load_address>
         <run_address>0x468</run_address>
         <size>0x44</size>
         <input_file_ref idref="fl-30"/>
      </object_component>
      <object_component id="oc-2de">
         <name>.debug_frame</name>
         <load_address>0x4ac</load_address>
         <run_address>0x4ac</run_address>
         <size>0x3c</size>
         <input_file_ref idref="fl-33"/>
      </object_component>
      <object_component id="oc-3c6">
         <name>.debug_frame</name>
         <load_address>0x4e8</load_address>
         <run_address>0x4e8</run_address>
         <size>0x3c</size>
         <input_file_ref idref="fl-34"/>
      </object_component>
      <object_component id="oc-6f">
         <name>.debug_frame</name>
         <load_address>0x524</load_address>
         <run_address>0x524</run_address>
         <size>0x48</size>
         <input_file_ref idref="fl-35"/>
      </object_component>
      <object_component id="oc-69">
         <name>.debug_frame</name>
         <load_address>0x56c</load_address>
         <run_address>0x56c</run_address>
         <size>0x6c</size>
         <input_file_ref idref="fl-36"/>
      </object_component>
      <object_component id="oc-33f">
         <name>.debug_frame</name>
         <load_address>0x5d8</load_address>
         <run_address>0x5d8</run_address>
         <size>0x3c</size>
         <input_file_ref idref="fl-37"/>
      </object_component>
      <object_component id="oc-38a">
         <name>.debug_frame</name>
         <load_address>0x614</load_address>
         <run_address>0x614</run_address>
         <size>0x3c</size>
         <input_file_ref idref="fl-3a"/>
      </object_component>
      <object_component id="oc-448">
         <name>.debug_frame</name>
         <load_address>0x650</load_address>
         <run_address>0x650</run_address>
         <size>0x3c</size>
         <input_file_ref idref="fl-3b"/>
      </object_component>
      <object_component id="oc-311">
         <name>.debug_abbrev</name>
         <load_address>0x0</load_address>
         <run_address>0x0</run_address>
         <size>0xad</size>
         <input_file_ref idref="fl-1"/>
      </object_component>
      <object_component id="oc-3f7">
         <name>.debug_abbrev</name>
         <load_address>0xad</load_address>
         <run_address>0xad</run_address>
         <size>0x6c</size>
         <input_file_ref idref="fl-1"/>
      </object_component>
      <object_component id="oc-3f1">
         <name>.debug_abbrev</name>
         <load_address>0x119</load_address>
         <run_address>0x119</run_address>
         <size>0x6e</size>
         <input_file_ref idref="fl-1"/>
      </object_component>
      <object_component id="oc-382">
         <name>.debug_abbrev</name>
         <load_address>0x187</load_address>
         <run_address>0x187</run_address>
         <size>0x50</size>
         <input_file_ref idref="fl-1"/>
      </object_component>
      <object_component id="oc-2c5">
         <name>.debug_abbrev</name>
         <load_address>0x1d7</load_address>
         <run_address>0x1d7</run_address>
         <size>0x53</size>
         <input_file_ref idref="fl-1"/>
      </object_component>
      <object_component id="oc-30e">
         <name>.debug_abbrev</name>
         <load_address>0x22a</load_address>
         <run_address>0x22a</run_address>
         <size>0x49</size>
         <input_file_ref idref="fl-1"/>
      </object_component>
      <object_component id="oc-309">
         <name>.debug_abbrev</name>
         <load_address>0x273</load_address>
         <run_address>0x273</run_address>
         <size>0x69</size>
         <input_file_ref idref="fl-1"/>
      </object_component>
      <object_component id="oc-250">
         <name>.debug_abbrev</name>
         <load_address>0x2dc</load_address>
         <run_address>0x2dc</run_address>
         <size>0x1f</size>
         <input_file_ref idref="fl-1"/>
      </object_component>
      <object_component id="oc-37b">
         <name>.debug_abbrev</name>
         <load_address>0x2fb</load_address>
         <run_address>0x2fb</run_address>
         <size>0x35</size>
         <input_file_ref idref="fl-1"/>
      </object_component>
      <object_component id="oc-304">
         <name>.debug_abbrev</name>
         <load_address>0x330</load_address>
         <run_address>0x330</run_address>
         <size>0x24</size>
         <input_file_ref idref="fl-1"/>
      </object_component>
      <object_component id="oc-313">
         <name>.debug_abbrev</name>
         <load_address>0x354</load_address>
         <run_address>0x354</run_address>
         <size>0xed</size>
         <input_file_ref idref="fl-2"/>
      </object_component>
      <object_component id="oc-315">
         <name>.debug_abbrev</name>
         <load_address>0x441</load_address>
         <run_address>0x441</run_address>
         <size>0x29</size>
         <input_file_ref idref="fl-2"/>
      </object_component>
      <object_component id="oc-381">
         <name>.debug_abbrev</name>
         <load_address>0x46a</load_address>
         <run_address>0x46a</run_address>
         <size>0x50</size>
         <input_file_ref idref="fl-2"/>
      </object_component>
      <object_component id="oc-3ac">
         <name>.debug_abbrev</name>
         <load_address>0x4ba</load_address>
         <run_address>0x4ba</run_address>
         <size>0x6c</size>
         <input_file_ref idref="fl-2"/>
      </object_component>
      <object_component id="oc-2d0">
         <name>.debug_abbrev</name>
         <load_address>0x526</load_address>
         <run_address>0x526</run_address>
         <size>0x53</size>
         <input_file_ref idref="fl-2"/>
      </object_component>
      <object_component id="oc-300">
         <name>.debug_abbrev</name>
         <load_address>0x579</load_address>
         <run_address>0x579</run_address>
         <size>0xc8</size>
         <input_file_ref idref="fl-3"/>
      </object_component>
      <object_component id="oc-3ad">
         <name>.debug_abbrev</name>
         <load_address>0x641</load_address>
         <run_address>0x641</run_address>
         <size>0x29</size>
         <input_file_ref idref="fl-3"/>
      </object_component>
      <object_component id="oc-3e2">
         <name>.debug_abbrev</name>
         <load_address>0x66a</load_address>
         <run_address>0x66a</run_address>
         <size>0x29</size>
         <input_file_ref idref="fl-3"/>
      </object_component>
      <object_component id="oc-45c">
         <name>.debug_abbrev</name>
         <load_address>0x693</load_address>
         <run_address>0x693</run_address>
         <size>0x29</size>
         <input_file_ref idref="fl-3"/>
      </object_component>
      <object_component id="oc-43a">
         <name>.debug_abbrev</name>
         <load_address>0x6bc</load_address>
         <run_address>0x6bc</run_address>
         <size>0x50</size>
         <input_file_ref idref="fl-3"/>
      </object_component>
      <object_component id="oc-384">
         <name>.debug_abbrev</name>
         <load_address>0x70c</load_address>
         <run_address>0x70c</run_address>
         <size>0x50</size>
         <input_file_ref idref="fl-3"/>
      </object_component>
      <object_component id="oc-383">
         <name>.debug_abbrev</name>
         <load_address>0x75c</load_address>
         <run_address>0x75c</run_address>
         <size>0x50</size>
         <input_file_ref idref="fl-3"/>
      </object_component>
      <object_component id="oc-339">
         <name>.debug_abbrev</name>
         <load_address>0x7ac</load_address>
         <run_address>0x7ac</run_address>
         <size>0x62</size>
         <input_file_ref idref="fl-3"/>
      </object_component>
      <object_component id="oc-40a">
         <name>.debug_abbrev</name>
         <load_address>0x80e</load_address>
         <run_address>0x80e</run_address>
         <size>0x50</size>
         <input_file_ref idref="fl-3"/>
      </object_component>
      <object_component id="oc-402">
         <name>.debug_abbrev</name>
         <load_address>0x85e</load_address>
         <run_address>0x85e</run_address>
         <size>0x6c</size>
         <input_file_ref idref="fl-3"/>
      </object_component>
      <object_component id="oc-44c">
         <name>.debug_abbrev</name>
         <load_address>0x8ca</load_address>
         <run_address>0x8ca</run_address>
         <size>0x7c</size>
         <input_file_ref idref="fl-3"/>
      </object_component>
      <object_component id="oc-409">
         <name>.debug_abbrev</name>
         <load_address>0x946</load_address>
         <run_address>0x946</run_address>
         <size>0x5e</size>
         <input_file_ref idref="fl-3"/>
      </object_component>
      <object_component id="oc-2d1">
         <name>.debug_abbrev</name>
         <load_address>0x9a4</load_address>
         <run_address>0x9a4</run_address>
         <size>0x53</size>
         <input_file_ref idref="fl-3"/>
      </object_component>
      <object_component id="oc-43b">
         <name>.debug_abbrev</name>
         <load_address>0x9f7</load_address>
         <run_address>0x9f7</run_address>
         <size>0x3c</size>
         <input_file_ref idref="fl-1e"/>
      </object_component>
      <object_component id="oc-442">
         <name>.debug_abbrev</name>
         <load_address>0xa33</load_address>
         <run_address>0xa33</run_address>
         <size>0x4a</size>
         <input_file_ref idref="fl-1f"/>
      </object_component>
      <object_component id="oc-45a">
         <name>.debug_abbrev</name>
         <load_address>0xa7d</load_address>
         <run_address>0xa7d</run_address>
         <size>0x3c</size>
         <input_file_ref idref="fl-20"/>
      </object_component>
      <object_component id="oc-2bc">
         <name>.debug_abbrev</name>
         <load_address>0xab9</load_address>
         <run_address>0xab9</run_address>
         <size>0x28</size>
         <input_file_ref idref="fl-2c"/>
      </object_component>
      <object_component id="oc-43c">
         <name>.debug_abbrev</name>
         <load_address>0xae1</load_address>
         <run_address>0xae1</run_address>
         <size>0x3c</size>
         <input_file_ref idref="fl-2d"/>
      </object_component>
      <object_component id="oc-2b2">
         <name>.debug_abbrev</name>
         <load_address>0xb1d</load_address>
         <run_address>0xb1d</run_address>
         <size>0x29</size>
         <input_file_ref idref="fl-2e"/>
      </object_component>
      <object_component id="oc-2e8">
         <name>.debug_abbrev</name>
         <load_address>0xb46</load_address>
         <run_address>0xb46</run_address>
         <size>0x58</size>
         <input_file_ref idref="fl-2e"/>
      </object_component>
      <object_component id="oc-420">
         <name>.debug_abbrev</name>
         <load_address>0xb9e</load_address>
         <run_address>0xb9e</run_address>
         <size>0xd9</size>
         <input_file_ref idref="fl-2f"/>
      </object_component>
      <object_component id="oc-3d2">
         <name>.debug_abbrev</name>
         <load_address>0xc77</load_address>
         <run_address>0xc77</run_address>
         <size>0x7e</size>
         <input_file_ref idref="fl-2f"/>
      </object_component>
      <object_component id="oc-424">
         <name>.debug_abbrev</name>
         <load_address>0xcf5</load_address>
         <run_address>0xcf5</run_address>
         <size>0x24</size>
         <input_file_ref idref="fl-2f"/>
      </object_component>
      <object_component id="oc-435">
         <name>.debug_abbrev</name>
         <load_address>0xd19</load_address>
         <run_address>0xd19</run_address>
         <size>0x24</size>
         <input_file_ref idref="fl-2f"/>
      </object_component>
      <object_component id="oc-3d5">
         <name>.debug_abbrev</name>
         <load_address>0xd3d</load_address>
         <run_address>0xd3d</run_address>
         <size>0x24</size>
         <input_file_ref idref="fl-2f"/>
      </object_component>
      <object_component id="oc-429">
         <name>.debug_abbrev</name>
         <load_address>0xd61</load_address>
         <run_address>0xd61</run_address>
         <size>0x4b</size>
         <input_file_ref idref="fl-2f"/>
      </object_component>
      <object_component id="oc-2d2">
         <name>.debug_abbrev</name>
         <load_address>0xdac</load_address>
         <run_address>0xdac</run_address>
         <size>0x6f</size>
         <input_file_ref idref="fl-30"/>
      </object_component>
      <object_component id="oc-2d5">
         <name>.debug_abbrev</name>
         <load_address>0xe1b</load_address>
         <run_address>0xe1b</run_address>
         <size>0x24</size>
         <input_file_ref idref="fl-30"/>
      </object_component>
      <object_component id="oc-3e8">
         <name>.debug_abbrev</name>
         <load_address>0xe3f</load_address>
         <run_address>0xe3f</run_address>
         <size>0x24</size>
         <input_file_ref idref="fl-31"/>
      </object_component>
      <object_component id="oc-317">
         <name>.debug_abbrev</name>
         <load_address>0xe63</load_address>
         <run_address>0xe63</run_address>
         <size>0x55</size>
         <input_file_ref idref="fl-33"/>
      </object_component>
      <object_component id="oc-41f">
         <name>.debug_abbrev</name>
         <load_address>0xeb8</load_address>
         <run_address>0xeb8</run_address>
         <size>0x53</size>
         <input_file_ref idref="fl-34"/>
      </object_component>
      <object_component id="oc-2ba">
         <name>.debug_abbrev</name>
         <load_address>0xf0b</load_address>
         <run_address>0xf0b</run_address>
         <size>0x54</size>
         <input_file_ref idref="fl-35"/>
      </object_component>
      <object_component id="oc-258">
         <name>.debug_abbrev</name>
         <load_address>0xf5f</load_address>
         <run_address>0xf5f</run_address>
         <size>0x7d</size>
         <input_file_ref idref="fl-35"/>
      </object_component>
      <object_component id="oc-25b">
         <name>.debug_abbrev</name>
         <load_address>0xfdc</load_address>
         <run_address>0xfdc</run_address>
         <size>0x24</size>
         <input_file_ref idref="fl-35"/>
      </object_component>
      <object_component id="oc-248">
         <name>.debug_abbrev</name>
         <load_address>0x1000</load_address>
         <run_address>0x1000</run_address>
         <size>0x8b</size>
         <input_file_ref idref="fl-36"/>
      </object_component>
      <object_component id="oc-2fd">
         <name>.debug_abbrev</name>
         <load_address>0x108b</load_address>
         <run_address>0x108b</run_address>
         <size>0x35</size>
         <input_file_ref idref="fl-36"/>
      </object_component>
      <object_component id="oc-2b6">
         <name>.debug_abbrev</name>
         <load_address>0x10c0</load_address>
         <run_address>0x10c0</run_address>
         <size>0x24</size>
         <input_file_ref idref="fl-36"/>
      </object_component>
      <object_component id="oc-24b">
         <name>.debug_abbrev</name>
         <load_address>0x10e4</load_address>
         <run_address>0x10e4</run_address>
         <size>0x24</size>
         <input_file_ref idref="fl-36"/>
      </object_component>
      <object_component id="oc-3af">
         <name>.debug_abbrev</name>
         <load_address>0x1108</load_address>
         <run_address>0x1108</run_address>
         <size>0x45</size>
         <input_file_ref idref="fl-37"/>
      </object_component>
      <object_component id="oc-438">
         <name>.debug_abbrev</name>
         <load_address>0x114d</load_address>
         <run_address>0x114d</run_address>
         <size>0x45</size>
         <input_file_ref idref="fl-3a"/>
      </object_component>
      <object_component id="oc-3e4">
         <name>.debug_abbrev</name>
         <load_address>0x1192</load_address>
         <run_address>0x1192</run_address>
         <size>0x71</size>
         <input_file_ref idref="fl-3a"/>
      </object_component>
      <object_component id="oc-45b">
         <name>.debug_abbrev</name>
         <load_address>0x1203</load_address>
         <run_address>0x1203</run_address>
         <size>0x71</size>
         <input_file_ref idref="fl-3b"/>
      </object_component>
      <object_component id="oc-2b9">
         <name>.debug_abbrev</name>
         <load_address>0x1274</load_address>
         <run_address>0x1274</run_address>
         <size>0x3c</size>
         <input_file_ref idref="fl-3c"/>
      </object_component>
      <object_component id="oc-4cf">
         <name>.debug_abbrev</name>
         <load_address>0x12b0</load_address>
         <run_address>0x12b0</run_address>
         <size>0xf</size>
      </object_component>
      <object_component id="oc-310">
         <name>.debug_str</name>
         <load_address>0x0</load_address>
         <run_address>0x0</run_address>
         <size>0x183</size>
         <input_file_ref idref="fl-1"/>
      </object_component>
      <object_component id="oc-30b">
         <name>.debug_str</name>
         <load_address>0x183</load_address>
         <run_address>0x183</run_address>
         <size>0x2e7</size>
         <input_file_ref idref="fl-1"/>
      </object_component>
      <object_component id="oc-252">
         <name>.debug_str</name>
         <load_address>0x46a</load_address>
         <run_address>0x46a</run_address>
         <size>0xff</size>
         <input_file_ref idref="fl-1"/>
      </object_component>
      <object_component id="oc-37d">
         <name>.debug_str</name>
         <load_address>0x569</load_address>
         <run_address>0x569</run_address>
         <size>0x36c</size>
         <input_file_ref idref="fl-1"/>
      </object_component>
      <object_component id="oc-306">
         <name>.debug_str</name>
         <load_address>0x8d5</load_address>
         <run_address>0x8d5</run_address>
         <size>0x17f</size>
         <input_file_ref idref="fl-1"/>
      </object_component>
      <object_component id="oc-426">
         <name>.debug_str</name>
         <load_address>0xa54</load_address>
         <run_address>0xa54</run_address>
         <size>0xed</size>
         <input_file_ref idref="fl-2f"/>
      </object_component>
      <object_component id="oc-437">
         <name>.debug_str</name>
         <load_address>0xb41</load_address>
         <run_address>0xb41</run_address>
         <size>0x14c</size>
         <input_file_ref idref="fl-2f"/>
      </object_component>
      <object_component id="oc-3d7">
         <name>.debug_str</name>
         <load_address>0xc8d</load_address>
         <run_address>0xc8d</run_address>
         <size>0x147</size>
         <input_file_ref idref="fl-2f"/>
      </object_component>
      <object_component id="oc-42b">
         <name>.debug_str</name>
         <load_address>0xdd4</load_address>
         <run_address>0xdd4</run_address>
         <size>0x197</size>
         <input_file_ref idref="fl-2f"/>
      </object_component>
      <object_component id="oc-2d7">
         <name>.debug_str</name>
         <load_address>0xf6b</load_address>
[...]
      <symbol id="sm-18c">
         <name>UCA0IFG</name>
         <value>0x51c</value>
      </symbol>
      <symbol id="sm-18d">
         <name>UCA0IFG_L</name>
         <value>0x51c</value>
      </symbol>
      <symbol id="sm-18e">
         <name>UCA0IFG_H</name>
         <value>0x51d</value>
      </symbol>
      <symbol id="sm-18f">
         <name>UCA0IV</name>
         <value>0x51e</value>
      </symbol>
      <symbol id="sm-190">
         <name>UCA0IV_L</name>
         <value>0x51e</value>
      </symbol>
      <symbol id="sm-191">
         <name>UCA0IV_H</name>
         <value>0x51f</value>
      </symbol>
      <symbol id="sm-192">
         <name>UCB0CTLW0</name>
         <value>0x540</value>
      </symbol>
      <symbol id="sm-193">
         <name>UCB0CTLW0_L</name>
         <value>0x540</value>
      </symbol>
      <symbol id="sm-194">
         <name>UCB0CTLW0_H</name>
         <value>0x541</value>
      </symbol>
      <symbol id="sm-195">
         <name>UCB0CTLW1</name>
         <value>0x542</value>
      </symbol>
      <symbol id="sm-196">
         <name>UCB0CTLW1_L</name>
         <value>0x542</value>
      </symbol>
      <symbol id="sm-197">
         <name>UCB0CTLW1_H</name>
         <value>0x543</value>
      </symbol>
      <symbol id="sm-198">
         <name>UCB0BRW</name>
         <value>0x546</value>
      </symbol>
      <symbol id="sm-199">
         <name>UCB0BRW_L</name>
         <value>0x546</value>
      </symbol>
      <symbol id="sm-19a">
         <name>UCB0BRW_H</name>
         <value>0x547</value>
      </symbol>
      <symbol id="sm-19b">
         <name>UCB0STATW</name>
         <value>0x548</value>
      </symbol>
      <symbol id="sm-19c">
         <name>UCB0STATW_L</name>
         <value>0x548</value>
      </symbol>
      <symbol id="sm-19d">
         <name>UCB0STATW_H</name>
         <value>0x549</value>
      </symbol>
      <symbol id="sm-19e">
         <name>UCB0TBCNT</name>
         <value>0x54a</value>
      </symbol>
      <symbol id="sm-19f">
         <name>UCB0TBCNT_L</name>
         <value>0x54a</value>
      </symbol>
      <symbol id="sm-1a0">
         <name>UCB0TBCNT_H</name>
         <value>0x54b</value>
      </symbol>
      <symbol id="sm-1a1">
         <name>UCB0RXBUF</name>
         <value>0x54c</value>
      </symbol>
      <symbol id="sm-1a2">
         <name>UCB0RXBUF_L</name>
         <value>0x54c</value>
      </symbol>
      <symbol id="sm-1a3">
         <name>UCB0RXBUF_H</name>
         <value>0x54d</value>
      </symbol>
      <symbol id="sm-1a4">
         <name>UCB0TXBUF</name>
         <value>0x54e</value>
      </symbol>
      <symbol id="sm-1a5">
         <name>UCB0TXBUF_L</name>
         <value>0x54e</value>
      </symbol>
      <symbol id="sm-1a6">
         <name>UCB0TXBUF_H</name>
         <value>0x54f</value>
      </symbol>
      <symbol id="sm-1a7">
         <name>UCB0I2COA0</name>
         <value>0x554</value>
      </symbol>
      <symbol id="sm-1a8">
         <name>UCB0I2COA0_L</name>
         <value>0x554</value>
      </symbol>
      <symbol id="sm-1a9">
         <name>UCB0I2COA0_H</name>
         <value>0x555</value>
      </symbol>
      <symbol id="sm-1aa">
         <name>UCB0I2COA1</name>
         <value>0x556</value>
      </symbol>
      <symbol id="sm-1ab">
         <name>UCB0I2COA1_L</name>
         <value>0x556</value>
      </symbol>
      <symbol id="sm-1ac">
         <name>UCB0I2COA1_H</name>
         <value>0x557</value>
      </symbol>
      <symbol id="sm-1ad">
         <name>UCB0I2COA2</name>
         <value>0x558</value>
      </symbol>
      <symbol id="sm-1ae">
         <name>UCB0I2COA2_L</name>
         <value>0x558</value>
      </symbol>
      <symbol id="sm-1af">
         <name>UCB0I2COA2_H</name>
         <value>0x559</value>
      </symbol>
      <symbol id="sm-1b0">
         <name>UCB0I2COA3</name>
         <value>0x55a</value>
      </symbol>
      <symbol id="sm-1b1">
         <name>UCB0I2COA3_L</name>
         <value>0x55a</value>
      </symbol>
      <symbol id="sm-1b2">
         <name>UCB0I2COA3_H</name>
         <value>0x55b</value>
      </symbol>
      <symbol id="sm-1b3">
         <name>UCB0ADDRX</name>
         <value>0x55c</value>
      </symbol>
      <symbol id="sm-1b4">
         <name>UCB0ADDRX_L</name>
         <value>0x55c</value>
      </symbol>
      <symbol id="sm-1b5">
         <name>UCB0ADDRX_H</name>
         <value>0x55d</value>
      </symbol>
      <symbol id="sm-1b6">
         <name>UCB0ADDMASK</name>
         <value>0x55e</value>
      </symbol>
      <symbol id="sm-1b7">
         <name>UCB0ADDMASK_L</name>
         <value>0x55e</value>
      </symbol>
      <symbol id="sm-1b8">
         <name>UCB0ADDMASK_H</name>
         <value>0x55f</value>
      </symbol>
      <symbol id="sm-1b9">
         <name>UCB0I2CSA</name>
         <value>0x560</value>
      </symbol>
      <symbol id="sm-1ba">
         <name>UCB0I2CSA_L</name>
         <value>0x560</value>
      </symbol>
      <symbol id="sm-1bb">
         <name>UCB0I2CSA_H</name>
         <value>0x561</value>
      </symbol>
      <symbol id="sm-1bc">
         <name>UCB0IE</name>
         <value>0x56a</value>
      </symbol>
      <symbol id="sm-1bd">
         <name>UCB0IE_L</name>
         <value>0x56a</value>
      </symbol>
      <symbol id="sm-1be">
         <name>UCB0IE_H</name>
         <value>0x56b</value>
      </symbol>
      <symbol id="sm-1bf">
         <name>UCB0IFG</name>
         <value>0x56c</value>
      </symbol>
      <symbol id="sm-1c0">
         <name>UCB0IFG_L</name>
         <value>0x56c</value>
      </symbol>
      <symbol id="sm-1c1">
         <name>UCB0IFG_H</name>
         <value>0x56d</value>
      </symbol>
      <symbol id="sm-1c2">
         <name>UCB0IV</name>
         <value>0x56e</value>
      </symbol>
      <symbol id="sm-1c3">
         <name>UCB0IV_L</name>
         <value>0x56e</value>
      </symbol>
      <symbol id="sm-1c4">
         <name>UCB0IV_H</name>
         <value>0x56f</value>
      </symbol>
      <symbol id="sm-1c5">
         <name>__TI_CINIT_Base</name>
         <value>0xf12a</value>
      </symbol>
      <symbol id="sm-1c6">
         <name>__TI_CINIT_Limit</name>
         <value>0xf142</value>
      </symbol>
      <symbol id="sm-1c7">
         <name>__TI_CINIT_Warm</name>
         <value>0xf142</value>
      </symbol>
      <symbol id="sm-1c8">
         <name>__TI_Handler_Table_Base</name>
         <value>0xf110</value>
      </symbol>
      <symbol id="sm-1c9">
         <name>__TI_Handler_Table_Limit</name>
         <value>0xf11c</value>
      </symbol>
      <symbol id="sm-1ca">
         <name>__STACK_SIZE</name>
         <value>0xa0</value>
      </symbol>
      <symbol id="sm-1cb">
         <name>__STACK_END</name>
         <value>0x2400</value>
      </symbol>
      <symbol id="sm-1cc">
         <name>__c_args__</name>
         <value>0xffffffff</value>
      </symbol>
      <symbol id="sm-1cd">
         <name>__TI_pprof_out_hndl</name>
         <value>0xffffffff</value>
      </symbol>
      <symbol id="sm-1ce">
         <name>__TI_prof_data_start</name>
         <value>0xffffffff</value>
      </symbol>
      <symbol id="sm-1cf">
         <name>__TI_prof_data_size</name>
         <value>0xffffffff</value>
      </symbol>
      <symbol id="sm-281">
         <name>adc_done</name>
         <value>0x204c</value>
      </symbol>
      <symbol id="sm-282">
         <name>samples_todo</name>
         <value>0x2050</value>
      </symbol>
      <symbol id="sm-283">
         <name>temperature</name>
         <value>0x2052</value>
      </symbol>
      <symbol id="sm-284">
         <name>ADC_ISR</name>
         <value>0xfe46</value>
         <object_component_ref idref="oc-264"/>
      </symbol>
      <symbol id="sm-285">
         <name>read_temperature</name>
         <value>0xf9de</value>
         <object_component_ref idref="oc-38b"/>
      </symbol>
      <symbol id="sm-286">
         <name>read_voltage_channels</name>
         <value>0xf584</value>
         <object_component_ref idref="oc-391"/>
      </symbol>
      <symbol id="sm-287">
         <name>__TI_int48</name>
         <value>0xffe8</value>
         <object_component_ref idref="oc-73"/>
      </symbol>
      <symbol id="sm-288">
         <name>init_adc</name>
         <value>0xfd1a</value>
         <object_component_ref idref="oc-31e"/>
      </symbol>
      <symbol id="sm-2ca">
         <name>received_message</name>
         <value>0x2000</value>
      </symbol>
      <symbol id="sm-2cb">
         <name>transmit_message</name>
         <value>0x2018</value>
      </symbol>
      <symbol id="sm-2cc">
         <name>receive_len</name>
         <value>0x204e</value>
      </symbol>
      <symbol id="sm-2cd">
         <name>transmit_len</name>
         <value>0x2056</value>
      </symbol>
      <symbol id="sm-2ce">
         <name>transmit_idx</name>
         <value>0x2054</value>
      </symbol>
      <symbol id="sm-2cf">
         <name>__TI_int49</name>
         <value>0xffea</value>
         <object_component_ref idref="oc-74"/>
      </symbol>
      <symbol id="sm-2d0">
         <name>init_i2c</name>
         <value>0xfae4</value>
         <object_component_ref idref="oc-318"/>
      </symbol>
      <symbol id="sm-2d1">
         <name>new_message</name>
         <value>0x2058</value>
         <object_component_ref idref="oc-2cd"/>
      </symbol>
      <symbol id="sm-2d2">
         <name>USCIB0_ISR</name>
         <value>0xfd70</value>
         <object_component_ref idref="oc-26a"/>
      </symbol>
      <symbol id="sm-2d3">
         <name>handle_command</name>
         <value>0xf342</value>
         <object_component_ref idref="oc-330"/>
      </symbol>
      <symbol id="sm-335">
         <name>raw</name>
         <value>0x2030</value>
      </symbol>
      <symbol id="sm-336">
         <name>position</name>
         <value>0x2046</value>
      </symbol>
      <symbol id="sm-337">
         <name>vector</name>
         <value>0x2038</value>
      </symbol>
      <symbol id="sm-338">
         <name>angles</name>
         <value>0x2040</value>
      </symbol>
      <symbol id="sm-339">
         <name>Timer_B0</name>
         <value>0xff20</value>
         <object_component_ref idref="oc-270"/>
      </symbol>
      <symbol id="sm-33a">
         <name>calibration</name>
         <value>0x1000</value>
         <object_component_ref idref="oc-37e"/>
      </symbol>
      <symbol id="sm-33b">
         <name>sleepmode</name>
         <value>0xfcd8</value>
         <object_component_ref idref="oc-32a"/>
      </symbol>
      <symbol id="sm-33c">
         <name>calculate_angles</name>
         <value>0xfcfa</value>
         <object_component_ref idref="oc-39d"/>
      </symbol>
      <symbol id="sm-33d">
         <name>calculate_vectors</name>
         <value>0xfc90</value>
         <object_component_ref idref="oc-3a5"/>
      </symbol>
      <symbol id="sm-33e">
         <name>calibration_enabled</name>
         <value>0x100a</value>
         <object_component_ref idref="oc-37e"/>
      </symbol>
      <symbol id="sm-33f">
         <name>__TI_int56</name>
         <value>0xfff8</value>
         <object_component_ref idref="oc-7b"/>
      </symbol>
      <symbol id="sm-340">
         <name>i2c_address</name>
         <value>0x100c</value>
         <object_component_ref idref="oc-37e"/>
      </symbol>
      <symbol id="sm-341">
         <name>main</name>
         <value>0xf826</value>
         <object_component_ref idref="oc-2df"/>
      </symbol>
      <symbol id="sm-342">
         <name>lt</name>
         <value>0xf142</value>
         <object_component_ref idref="oc-449"/>
      </symbol>
      <symbol id="sm-343">
         <name>atan</name>
         <value>0xfa96</value>
         <object_component_ref idref="oc-403"/>
      </symbol>
      <symbol id="sm-344">
         <name>wakeup</name>
         <value>0xfc62</value>
         <object_component_ref idref="oc-3eb"/>
      </symbol>
      <symbol id="sm-345">
         <name>sleep_mode</name>
         <value>0x205a</value>
         <object_component_ref idref="oc-336"/>
      </symbol>
      <symbol id="sm-346">
         <name>init_heartbeat_timer</name>
         <value>0xfcb6</value>
         <object_component_ref idref="oc-324"/>
      </symbol>
      <symbol id="sm-347">
         <name>calculate_position</name>
         <value>0xf8e2</value>
         <object_component_ref idref="oc-397"/>
      </symbol>
      <symbol id="sm-351">
         <name>__mspabi_remu</name>
         <value>0xfd32</value>
         <object_component_ref idref="oc-3f2"/>
      </symbol>
      <symbol id="sm-352">
         <name>__mspabi_divu</name>
         <value>0xfd32</value>
         <object_component_ref idref="oc-3f2"/>
      </symbol>
      <symbol id="sm-35e">
         <name>__mspabi_remli</name>
         <value>0xfb6a</value>
         <object_component_ref idref="oc-3fd"/>
      </symbol>
      <symbol id="sm-35f">
         <name>__mspabi_divli</name>
         <value>0xfb6a</value>
         <object_component_ref idref="oc-3fd"/>
      </symbol>
      <symbol id="sm-36d">
         <name>__mspabi_remul</name>
         <value>0xfa3e</value>
         <object_component_ref idref="oc-43d"/>
      </symbol>
      <symbol id="sm-36e">
         <name>__mspabi_divul</name>
         <value>0xfa3e</value>
         <object_component_ref idref="oc-43d"/>
      </symbol>
      <symbol id="sm-371">
         <name>__TI_int45</name>
         <value>0xffe2</value>
         <object_component_ref idref="oc-70"/>
      </symbol>
      <symbol id="sm-374">
         <name>__TI_int46</name>
         <value>0xffe4</value>
         <object_component_ref idref="oc-71"/>
      </symbol>
      <symbol id="sm-377">
         <name>__TI_int47</name>
         <value>0xffe6</value>
         <object_component_ref idref="oc-72"/>
      </symbol>
      <symbol id="sm-37a">
         <name>__TI_int50</name>
         <value>0xffec</value>
         <object_component_ref idref="oc-75"/>
      </symbol>
      <symbol id="sm-37d">
         <name>__TI_int51</name>
         <value>0xffee</value>
         <object_component_ref idref="oc-76"/>
      </symbol>
      <symbol id="sm-380">
         <name>__TI_int52</name>
         <value>0xfff0</value>
         <object_component_ref idref="oc-77"/>
      </symbol>
      <symbol id="sm-383">
         <name>__TI_int53</name>
         <value>0xfff2</value>
         <object_component_ref idref="oc-78"/>
      </symbol>
      <symbol id="sm-386">
         <name>__TI_int54</name>
         <value>0xfff4</value>
         <object_component_ref idref="oc-79"/>
      </symbol>
      <symbol id="sm-389">
         <name>__TI_int55</name>
         <value>0xfff6</value>
         <object_component_ref idref="oc-7a"/>
      </symbol>
      <symbol id="sm-38c">
         <name>__TI_int57</name>
         <value>0xfffa</value>
         <object_component_ref idref="oc-7c"/>
      </symbol>
      <symbol id="sm-38f">
         <name>__TI_int58</name>
         <value>0xfffc</value>
         <object_component_ref idref="oc-7d"/>
      </symbol>
      <symbol id="sm-397">
         <name>__TI_ISR_TRAP</name>
         <value>0xff28</value>
         <object_component_ref idref="oc-25f"/>
      </symbol>
      <symbol id="sm-39f">
         <name>__mspabi_slll_9</name>
         <value>0xfc00</value>
         <object_component_ref idref="oc-3f8"/>
      </symbol>
      <symbol id="sm-3a0">
         <name>__mspabi_slll_8</name>
         <value>0xfc04</value>
         <object_component_ref idref="oc-3f8"/>
      </symbol>
      <symbol id="sm-3a1">
         <name>__mspabi_slll_7</name>
         <value>0xfc08</value>
         <object_component_ref idref="oc-3f8"/>
      </symbol>
      <symbol id="sm-3a2">
         <name>__mspabi_slll_6</name>
         <value>0xfc0c</value>
         <object_component_ref idref="oc-3f8"/>
      </symbol>
      <symbol id="sm-3a3">
         <name>__mspabi_slll_5</name>
         <value>0xfc10</value>
         <object_component_ref idref="oc-3f8"/>
      </symbol>
      <symbol id="sm-3a4">
         <name>__mspabi_slll_4</name>
         <value>0xfc14</value>
         <object_component_ref idref="oc-3f8"/>
      </symbol>
      <symbol id="sm-3a5">
         <name>__mspabi_slll_3</name>
         <value>0xfc18</value>
         <object_component_ref idref="oc-3f8"/>
      </symbol>
      <symbol id="sm-3a6">
         <name>__mspabi_slll_2</name>
         <value>0xfc1c</value>
         <object_component_ref idref="oc-3f8"/>
      </symbol>
      <symbol id="sm-3a7">
         <name>__mspabi_slll_1</name>
         <value>0xfc20</value>
         <object_component_ref idref="oc-3f8"/>
      </symbol>
      <symbol id="sm-3a8">
         <name>__mspabi_slll_15</name>
         <value>0xfbe8</value>
         <object_component_ref idref="oc-3f8"/>
      </symbol>
      <symbol id="sm-3a9">
         <name>__mspabi_slll_14</name>
         <value>0xfbec</value>
         <object_component_ref idref="oc-3f8"/>
      </symbol>
      <symbol id="sm-3aa">
         <name>__mspabi_slll_13</name>
         <value>0xfbf0</value>
         <object_component_ref idref="oc-3f8"/>
      </symbol>
      <symbol id="sm-3ab">
         <name>__mspabi_slll_12</name>
         <value>0xfbf4</value>
         <object_component_ref idref="oc-3f8"/>
      </symbol>
      <symbol id="sm-3ac">
         <name>__mspabi_slll_11</name>
         <value>0xfbf8</value>
         <object_component_ref idref="oc-3f8"/>
      </symbol>
      <symbol id="sm-3ad">
         <name>__mspabi_slll_10</name>
         <value>0xfbfc</value>
         <object_component_ref idref="oc-3f8"/>
      </symbol>
      <symbol id="sm-3bd">
         <name>_stack</name>
         <value>0x2360</value>
         <object_component_ref idref="oc-244"/>
      </symbol>
      <symbol id="sm-3be">
         <name>_c_int00_noargs</name>
         <value>0xff04</value>
         <object_component_ref idref="oc-288"/>
      </symbol>
      <symbol id="sm-3bf">
         <name>_reset_vector</name>
         <value>0xfffe</value>
         <object_component_ref idref="oc-247"/>
      </symbol>
      <symbol id="sm-3e1">
         <name>__TI_auto_init_nobinit_nopinit_hold_wdt</name>
         <value>0xf974</value>
         <object_component_ref idref="oc-35e"/>
      </symbol>
      <symbol id="sm-3f1">
         <name>__TI_zero_init_nomemset</name>
         <value>0xfbaa</value>
         <object_component_ref idref="oc-276"/>
      </symbol>
      <symbol id="sm-401">
         <name>_system_pre_init</name>
         <value>0xfd6a</value>
         <object_component_ref idref="oc-2d9"/>
      </symbol>
      <symbol id="sm-40a">
         <name>_system_post_cinit</name>
         <value>0xfd6e</value>
         <object_component_ref idref="oc-3c1"/>
      </symbol>
      <symbol id="sm-41b">
         <name>__TI_decompress_none</name>
         <value>0xfc26</value>
         <object_component_ref idref="oc-6a"/>
      </symbol>
      <symbol id="sm-43c">
         <name>__TI_decompress_lzss</name>
         <value>0xf738</value>
         <object_component_ref idref="oc-64"/>
      </symbol>
      <symbol id="sm-446">
         <name>C$$EXIT</name>
         <value>0xfd64</value>
         <object_component_ref idref="oc-33a"/>
      </symbol>
      <symbol id="sm-447">
         <name>abort</name>
         <value>0xfd64</value>
         <object_component_ref idref="oc-33a"/>
      </symbol>
      <symbol id="sm-457">
         <name>memcpy</name>
         <value>0xfd48</value>
         <object_component_ref idref="oc-385"/>
      </symbol>
      <symbol id="sm-461">
         <name>abs</name>
         <value>0xfd5a</value>
         <object_component_ref idref="oc-443"/>
      </symbol>
      <symbol id="sm-46c">
         <name>__memcpy_far</name>
         <value>0xfb2a</value>
         <object_component_ref idref="oc-253"/>
      </symbol>
   </symbol_table>
   <title>Link successful</title>
</link_info>
